// Jest Snapshot v1, https://goo.gl/fbAQLP

exports[`eks default 1`] = `
Object {
  "Outputs": Object {
    "EksClusterName905628DF": Object {
      "Value": Object {
        "Ref": "Eks3DB0AF90",
      },
    },
    "EksWorkerNodesInstanceRoleARNEB8FD811": Object {
      "Value": Object {
        "Fn::GetAtt": Array [
          "EksWorkerNodesInstanceRoleC3BD263E",
          "Arn",
        ],
      },
    },
  },
  "Resources": Object {
    "Eks3DB0AF90": Object {
      "Properties": Object {
        "ResourcesVpcConfig": Object {
          "SecurityGroupIds": Array [
            Object {
              "Fn::GetAtt": Array [
                "EksControlPlaneSecurityGroupDC02C823",
                "GroupId",
              ],
            },
          ],
          "SubnetIds": Array [
            Object {
              "Fn::ImportValue": "GivenStack:ExportsOutputRefVpcPublicSubnet1Subnet5C2D37C4FFA2B456",
            },
            Object {
              "Fn::ImportValue": "GivenStack:ExportsOutputRefVpcPublicSubnet2Subnet691E08A351552740",
            },
            Object {
              "Fn::ImportValue": "GivenStack:ExportsOutputRefVpcPrivateSubnet1Subnet536B997AFD4CC940",
            },
            Object {
              "Fn::ImportValue": "GivenStack:ExportsOutputRefVpcPrivateSubnet2Subnet3788AAA1380949A3",
            },
          ],
        },
        "RoleArn": Object {
          "Fn::GetAtt": Array [
            "EksClusterRole457AF3D0",
            "Arn",
          ],
        },
      },
      "Type": "AWS::EKS::Cluster",
    },
    "EksClusterRole457AF3D0": Object {
      "Properties": Object {
        "AssumeRolePolicyDocument": Object {
          "Statement": Array [
            Object {
              "Action": "sts:AssumeRole",
              "Effect": "Allow",
              "Principal": Object {
                "Service": Object {
                  "Fn::Join": Array [
                    "",
                    Array [
                      "eks.",
                      Object {
                        "Ref": "AWS::URLSuffix",
                      },
                    ],
                  ],
                },
              },
            },
          ],
          "Version": "2012-10-17",
        },
        "ManagedPolicyArns": Array [
          Object {
            "Fn::Join": Array [
              "",
              Array [
                "arn:",
                Object {
                  "Ref": "AWS::Partition",
                },
                ":iam::aws:policy/AmazonEKSClusterPolicy",
              ],
            ],
          },
          Object {
            "Fn::Join": Array [
              "",
              Array [
                "arn:",
                Object {
                  "Ref": "AWS::Partition",
                },
                ":iam::aws:policy/AmazonEKSServicePolicy",
              ],
            ],
          },
        ],
      },
      "Type": "AWS::IAM::Role",
    },
    "EksControlPlaneSecurityGroupDC02C823": Object {
      "Properties": Object {
        "GroupDescription": "EKS Control Plane Security Group",
        "SecurityGroupEgress": Array [
          Object {
            "CidrIp": "0.0.0.0/0",
            "Description": "Allow all outbound traffic by default",
            "IpProtocol": "-1",
          },
        ],
        "SecurityGroupIngress": Array [],
        "VpcId": Object {
          "Fn::ImportValue": "GivenStack:ExportsOutputRefVpc8378EB38272D6E3A",
        },
      },
      "Type": "AWS::EC2::SecurityGroup",
    },
    "EksControlPlaneSecurityGroupfromTestEksStackEksWorkerNodesInstanceSecurityGroup05202DD0443BE526F3A": Object {
      "Properties": Object {
        "Description": "from TestEksStackEksWorkerNodesInstanceSecurityGroup05202DD0:443",
        "FromPort": 443,
        "GroupId": Object {
          "Fn::GetAtt": Array [
            "EksControlPlaneSecurityGroupDC02C823",
            "GroupId",
          ],
        },
        "IpProtocol": "tcp",
        "SourceSecurityGroupId": Object {
          "Fn::GetAtt": Array [
            "EksWorkerNodesInstanceSecurityGroupD862B838",
            "GroupId",
          ],
        },
        "ToPort": 443,
      },
      "Type": "AWS::EC2::SecurityGroupIngress",
    },
    "EksWorkerNodesASG6D4F4631": Object {
      "Properties": Object {
        "DesiredCapacity": "2",
        "LaunchConfigurationName": Object {
          "Ref": "EksWorkerNodesLaunchConfig8425AAB8",
        },
        "MaxSize": "4",
        "MinSize": "2",
        "Tags": Array [
          Object {
            "Key": "Name",
            "PropagateAtLaunch": true,
            "Value": "TestEksStack/Eks/WorkerNodes",
          },
          Object {
            "Key": Object {
              "Fn::Join": Array [
                "",
                Array [
                  "kubernetes.io/cluster/",
                  Object {
                    "Ref": "Eks3DB0AF90",
                  },
                ],
              ],
            },
            "PropagateAtLaunch": true,
            "Value": "owned",
          },
        ],
        "VPCZoneIdentifier": Array [
          Object {
            "Fn::ImportValue": "GivenStack:ExportsOutputRefVpcPrivateSubnet1Subnet536B997AFD4CC940",
          },
          Object {
            "Fn::ImportValue": "GivenStack:ExportsOutputRefVpcPrivateSubnet2Subnet3788AAA1380949A3",
          },
        ],
      },
      "Type": "AWS::AutoScaling::AutoScalingGroup",
      "UpdatePolicy": Object {
        "AutoScalingRollingUpdate": Object {
          "PauseTime": "PT0S",
          "SuspendProcesses": Array [
            "HealthCheck",
            "ReplaceUnhealthy",
            "AZRebalance",
            "AlarmNotification",
            "ScheduledActions",
          ],
          "WaitOnResourceSignals": false,
        },
        "AutoScalingScheduledAction": Object {
          "IgnoreUnmodifiedGroupSizeProperties": true,
        },
      },
    },
    "EksWorkerNodesInstanceProfile53E5B860": Object {
      "Properties": Object {
        "Roles": Array [
          Object {
            "Ref": "EksWorkerNodesInstanceRoleC3BD263E",
          },
        ],
      },
      "Type": "AWS::IAM::InstanceProfile",
    },
    "EksWorkerNodesInstanceRoleC3BD263E": Object {
      "Properties": Object {
        "AssumeRolePolicyDocument": Object {
          "Statement": Array [
            Object {
              "Action": "sts:AssumeRole",
              "Effect": "Allow",
              "Principal": Object {
                "Service": "ec2.amazonaws.com",
              },
            },
          ],
          "Version": "2012-10-17",
        },
        "ManagedPolicyArns": Array [
          Object {
            "Fn::Join": Array [
              "",
              Array [
                "arn:",
                Object {
                  "Ref": "AWS::Partition",
                },
                ":iam::aws:policy/AmazonEKSWorkerNodePolicy",
              ],
            ],
          },
          Object {
            "Fn::Join": Array [
              "",
              Array [
                "arn:",
                Object {
                  "Ref": "AWS::Partition",
                },
                ":iam::aws:policy/AmazonEKS_CNI_Policy",
              ],
            ],
          },
          Object {
            "Fn::Join": Array [
              "",
              Array [
                "arn:",
                Object {
                  "Ref": "AWS::Partition",
                },
                ":iam::aws:policy/AmazonEC2ContainerRegistryReadOnly",
              ],
            ],
          },
          Object {
            "Fn::Join": Array [
              "",
              Array [
                "arn:",
                Object {
                  "Ref": "AWS::Partition",
                },
                ":iam::aws:policy/service-role/AmazonEC2RoleforSSM",
              ],
            ],
          },
          Object {
            "Fn::Join": Array [
              "",
              Array [
                "arn:",
                Object {
                  "Ref": "AWS::Partition",
                },
                ":iam::aws:policy/ElasticLoadBalancingFullAccess",
              ],
            ],
          },
        ],
      },
      "Type": "AWS::IAM::Role",
    },
    "EksWorkerNodesInstanceSecurityGroupD862B838": Object {
      "Properties": Object {
        "GroupDescription": "TestEksStack/Eks/WorkerNodes/InstanceSecurityGroup",
        "SecurityGroupEgress": Array [
          Object {
            "CidrIp": "0.0.0.0/0",
            "Description": "Allow all outbound traffic by default",
            "IpProtocol": "-1",
          },
        ],
        "SecurityGroupIngress": Array [],
        "Tags": Array [
          Object {
            "Key": "Name",
            "Value": "TestEksStack/Eks/WorkerNodes",
          },
          Object {
            "Key": Object {
              "Fn::Join": Array [
                "",
                Array [
                  "kubernetes.io/cluster/",
                  Object {
                    "Ref": "Eks3DB0AF90",
                  },
                ],
              ],
            },
            "Value": "owned",
          },
        ],
        "VpcId": Object {
          "Fn::ImportValue": "GivenStack:ExportsOutputRefVpc8378EB38272D6E3A",
        },
      },
      "Type": "AWS::EC2::SecurityGroup",
    },
    "EksWorkerNodesInstanceSecurityGroupfromTestEksStackEksControlPlaneSecurityGroup4EEBD22B102565535714FBB16": Object {
      "Properties": Object {
        "Description": "from TestEksStackEksControlPlaneSecurityGroup4EEBD22B:1025-65535",
        "FromPort": 1025,
        "GroupId": Object {
          "Fn::GetAtt": Array [
            "EksWorkerNodesInstanceSecurityGroupD862B838",
            "GroupId",
          ],
        },
        "IpProtocol": "tcp",
        "SourceSecurityGroupId": Object {
          "Fn::GetAtt": Array [
            "EksControlPlaneSecurityGroupDC02C823",
            "GroupId",
          ],
        },
        "ToPort": 65535,
      },
      "Type": "AWS::EC2::SecurityGroupIngress",
    },
    "EksWorkerNodesInstanceSecurityGroupfromTestEksStackEksControlPlaneSecurityGroup4EEBD22B44374E5F9A4": Object {
      "Properties": Object {
        "Description": "from TestEksStackEksControlPlaneSecurityGroup4EEBD22B:443",
        "FromPort": 443,
        "GroupId": Object {
          "Fn::GetAtt": Array [
            "EksWorkerNodesInstanceSecurityGroupD862B838",
            "GroupId",
          ],
        },
        "IpProtocol": "tcp",
        "SourceSecurityGroupId": Object {
          "Fn::GetAtt": Array [
            "EksControlPlaneSecurityGroupDC02C823",
            "GroupId",
          ],
        },
        "ToPort": 443,
      },
      "Type": "AWS::EC2::SecurityGroupIngress",
    },
    "EksWorkerNodesInstanceSecurityGroupfromTestEksStackEksWorkerNodesInstanceSecurityGroup05202DD0ALLTRAFFIC5661E035": Object {
      "Properties": Object {
        "Description": "from TestEksStackEksWorkerNodesInstanceSecurityGroup05202DD0:ALL TRAFFIC",
        "GroupId": Object {
          "Fn::GetAtt": Array [
            "EksWorkerNodesInstanceSecurityGroupD862B838",
            "GroupId",
          ],
        },
        "IpProtocol": "-1",
        "SourceSecurityGroupId": Object {
          "Fn::GetAtt": Array [
            "EksWorkerNodesInstanceSecurityGroupD862B838",
            "GroupId",
          ],
        },
      },
      "Type": "AWS::EC2::SecurityGroupIngress",
    },
    "EksWorkerNodesLaunchConfig8425AAB8": Object {
      "DependsOn": Array [
        "EksWorkerNodesInstanceRoleC3BD263E",
      ],
      "Properties": Object {
        "IamInstanceProfile": Object {
          "Ref": "EksWorkerNodesInstanceProfile53E5B860",
        },
        "ImageId": "ami-0fde798d17145fae1",
        "InstanceType": "m5.large",
        "SecurityGroups": Array [
          Object {
            "Fn::GetAtt": Array [
              "EksWorkerNodesInstanceSecurityGroupD862B838",
              "GroupId",
            ],
          },
        ],
        "UserData": Object {
          "Fn::Base64": Object {
            "Fn::Join": Array [
              "",
              Array [
                "#!/bin/bash
set -o xtrace
/etc/eks/bootstrap.sh ",
                Object {
                  "Ref": "Eks3DB0AF90",
                },
                " --use-max-pods 29",
              ],
            ],
          },
        },
      },
      "Type": "AWS::AutoScaling::LaunchConfiguration",
    },
  },
}
`;
